
Memory Configuration

Name             Origin             Length             Attributes
SRAM             0x20000000         0x00020000         xrw
FLASH            0x08000000         0x00080000         xr
*default*        0x00000000         0xffffffff

Linker script and memory map

LOAD Build/main.o
LOAD Build/bb_delay.o
LOAD Build/bb_sysclock.o
LOAD Build/bb_port.o
LOAD Build/stm32_startup.o
                0x20020000                _estack = (ORIGIN (SRAM) + LENGTH (SRAM))

.isr_vector     0x08000000       0x1c
                0x08000000                . = ALIGN (0x4)
 *(.isr_vector)
 .isr_vector    0x08000000       0x1c Build/stm32_startup.o
                0x08000000                g_pfnVectors
                0x0800001c                . = ALIGN (0x4)

.text.Reset_Handler
                0x0800001c       0x50
                0x0800001c                . = ALIGN (0x4)
 *(.text.Reset_Handler)
 .text.Reset_Handler
                0x0800001c       0x50 Build/stm32_startup.o
                0x0800001c                Reset_Handler
                0x0800006c                . = ALIGN (0x4)

.text.Default_Handler
                0x0800006c        0x4
                0x0800006c                . = ALIGN (0x4)
 *(.text.Default_Handler)
 .text.Default_Handler
                0x0800006c        0x2 Build/stm32_startup.o
                0x0800006c                NMI_Handler
                0x0800006c                UsageFault_Handler
                0x0800006c                Default_Handler
                0x0800006c                MemManage_Handler
                0x0800006c                BusFault_Handler
                0x0800006c                HardFault_Handler
                0x08000070                . = ALIGN (0x4)
 *fill*         0x0800006e        0x2 

.text           0x08000070      0x104
                0x08000070                . = ALIGN (0x4)
 *(*.text)
 .text          0x08000070       0x16 Build/main.o
                0x08000070                main
 .text          0x08000086       0x34 Build/bb_delay.o
                0x08000086                Delay
 *fill*         0x080000ba        0x2 
 .text          0x080000bc       0x58 Build/bb_sysclock.o
                0x080000bc                system_clock
 .text          0x08000114       0x60 Build/bb_port.o
                0x08000114                port_clkcfg
                0x08000130                port_config
                0x08000158                toggle_pin
 .text          0x08000174        0x0 Build/stm32_startup.o
 *(.text*)
 *(.rodata)
                0x08000174                . = ALIGN (0x4)
                0x08000174                _etext = .
                0x08000174                _sidata = LOADADDR (.data)

.glue_7         0x08000174        0x0
 .glue_7        0x08000174        0x0 linker stubs

.glue_7t        0x08000174        0x0
 .glue_7t       0x08000174        0x0 linker stubs

.vfp11_veneer   0x08000174        0x0
 .vfp11_veneer  0x08000174        0x0 linker stubs

.v4_bx          0x08000174        0x0
 .v4_bx         0x08000174        0x0 linker stubs

.iplt           0x08000174        0x0
 .iplt          0x08000174        0x0 Build/main.o

.rel.dyn        0x08000174        0x0
 .rel.iplt      0x08000174        0x0 Build/main.o

.data           0x20000000        0x0 load address 0x08000174
                0x20000000                . = ALIGN (0x4)
                0x20000000                _sdata = .
 *(.data)
 .data          0x20000000        0x0 Build/main.o
 .data          0x20000000        0x0 Build/bb_delay.o
 .data          0x20000000        0x0 Build/bb_sysclock.o
 .data          0x20000000        0x0 Build/bb_port.o
 .data          0x20000000        0x0 Build/stm32_startup.o
                0x20000000                . = ALIGN (0x4)
                0x20000000                _edata = .

.igot.plt       0x20000000        0x0 load address 0x08000174
 .igot.plt      0x20000000        0x0 Build/main.o

.bss            0x20000000        0x0 load address 0x08000174
                0x20000000                . = ALIGN (0x4)
                0x20000000                _sbss = .
 *(.bss)
 .bss           0x20000000        0x0 Build/main.o
 .bss           0x20000000        0x0 Build/bb_delay.o
 .bss           0x20000000        0x0 Build/bb_sysclock.o
 .bss           0x20000000        0x0 Build/bb_port.o
 .bss           0x20000000        0x0 Build/stm32_startup.o
                0x20000000                . = ALIGN (0x4)
                0x20000000                _ebss = .
OUTPUT(Build/bb_blink.elf elf32-littlearm)
LOAD linker stubs

.debug_info     0x00000000      0x2a7
 .debug_info    0x00000000       0x82 Build/main.o
 .debug_info    0x00000082       0xb3 Build/bb_delay.o
 .debug_info    0x00000135       0x96 Build/bb_sysclock.o
 .debug_info    0x000001cb       0xba Build/bb_port.o
 .debug_info    0x00000285       0x22 Build/stm32_startup.o

.debug_abbrev   0x00000000      0x173
 .debug_abbrev  0x00000000       0x46 Build/main.o
 .debug_abbrev  0x00000046       0x75 Build/bb_delay.o
 .debug_abbrev  0x000000bb       0x53 Build/bb_sysclock.o
 .debug_abbrev  0x0000010e       0x53 Build/bb_port.o
 .debug_abbrev  0x00000161       0x12 Build/stm32_startup.o

.debug_aranges  0x00000000       0xa8
 .debug_aranges
                0x00000000       0x20 Build/main.o
 .debug_aranges
                0x00000020       0x20 Build/bb_delay.o
 .debug_aranges
                0x00000040       0x20 Build/bb_sysclock.o
 .debug_aranges
                0x00000060       0x20 Build/bb_port.o
 .debug_aranges
                0x00000080       0x28 Build/stm32_startup.o

.debug_line     0x00000000      0x378
 .debug_line    0x00000000       0x4e Build/main.o
 .debug_line    0x0000004e       0xe2 Build/bb_delay.o
 .debug_line    0x00000130      0x101 Build/bb_sysclock.o
 .debug_line    0x00000231       0xd8 Build/bb_port.o
 .debug_line    0x00000309       0x6f Build/stm32_startup.o

.debug_str      0x00000000      0x1a6
 .debug_str     0x00000000      0x10a Build/main.o
                                0x13e (size before relaxing)
 .debug_str     0x0000010a       0x28 Build/bb_delay.o
                                0x15f (size before relaxing)
 .debug_str     0x00000132       0x22 Build/bb_sysclock.o
                                0x164 (size before relaxing)
 .debug_str     0x00000154       0x34 Build/bb_port.o
                                0x176 (size before relaxing)
 .debug_str     0x00000188       0x1e Build/stm32_startup.o
                                 0x5b (size before relaxing)

.comment        0x00000000       0x49
 .comment       0x00000000       0x49 Build/main.o
                                 0x4a (size before relaxing)
 .comment       0x00000049       0x4a Build/bb_delay.o
 .comment       0x00000049       0x4a Build/bb_sysclock.o
 .comment       0x00000049       0x4a Build/bb_port.o

.ARM.attributes
                0x00000000       0x2c
 .ARM.attributes
                0x00000000       0x2e Build/main.o
 .ARM.attributes
                0x0000002e       0x2e Build/bb_delay.o
 .ARM.attributes
                0x0000005c       0x2e Build/bb_sysclock.o
 .ARM.attributes
                0x0000008a       0x2e Build/bb_port.o
 .ARM.attributes
                0x000000b8       0x21 Build/stm32_startup.o

.debug_frame    0x00000000      0x104
 .debug_frame   0x00000000       0x2c Build/main.o
 .debug_frame   0x0000002c       0x38 Build/bb_delay.o
 .debug_frame   0x00000064       0x30 Build/bb_sysclock.o
 .debug_frame   0x00000094       0x70 Build/bb_port.o

.debug_ranges   0x00000000       0x20
 .debug_ranges  0x00000000       0x20 Build/stm32_startup.o
